Command: /home/pedrod/.espressif/python_env/idf5.5_py3.10_env/bin/python /home/pedrod/esp/esp-idf/tools/idf_monitor.py -p /dev/ttyUSB0 -b 115200 --toolchain-prefix xtensa-esp32-elf- --target esp32 --revision 0 /home/pedrod/_projetos/UFABC/IC/IC-wasm-IoT/src/build/wamr-simple.elf /home/pedrod/_projetos/UFABC/IC/IC-wasm-IoT/src/build/bootloader/bootloader.elf -m '/home/pedrod/.espressif/python_env/idf5.5_py3.10_env/bin/python' '/home/pedrod/esp/esp-idf/tools/idf.py'
 RNG early entropy soï¿½ets Jun  8 2016 00:22:57

rst:0x1 (POWERON_RESET),boot:0x13 (SPI_FAST_FLASH_BOOT)
configsip: 0, SPIWP:0xee
clk_drv:0x00,q_drv:0x00,d_drv:0x00,cs0_drv:0x00,hd_drv:0x00,wp_drv:0x00
mode:DIO, clock div:2
load:0x3fff0030,len:6380
ho 0 tail 12 room 4
load:0x40078000,len:15916
load:0x40080400,len:3860
entry 0x40080638
[0;32mI (29) boot: ESP-IDF v5.5.1 2nd stage bootloader[0m
[0;32mI (29) boot: compile time Dec 14 2025 20:23:41[0m
[0;32mI (29) boot: Multicore bootloader[0m
[0;32mI (30) boot: chip revision: v1.1[0m
[0;32mI (33) boot.esp32: SPI Speed      : 40MHz[0m
[0;32mI (36) boot.esp32: SPI Mode       : DIO[0m
[0;32mI (40) boot.esp32: SPI Flash Size : 2MB[0m
[0;32mI (44) boot: Enabling RNG early entropy source...[0m
[0;32mI (48) boot: Partition Table:[0m
[0;32mI (51) boot: ## Label            Usage          Type ST Offset   Length[0m
[0;32mI (57) boot:  0 nvs              WiFi data        01 02 00009000 00006000[0m
[0;32mI (64) boot:  1 phy_init         RF data          01 01 0000f000 00001000[0m
[0;32mI (70) boot:  2 factory          factory app      00 00 00010000 00100000[0m
[0;32mI (77) boot: End of partition table[0m
[0;32mI (80) esp_image: segment 0: paddr=00010020 vaddr=3f400020 size=12a98h ( 76440) map[0m
[0;32mI (113) esp_image: segment 1: paddr=00022ac0 vaddr=3ffb0000 size=03ab8h ( 15032) load[0m
[0;32mI (119) esp_image: segment 2: paddr=00026580 vaddr=40080000 size=09a98h ( 39576) load[0m
[0;32mI (135) esp_image: segment 3: paddr=00030020 vaddr=400d0020 size=4f830h (325680) map[0m
[0;32mI (246) esp_image: segment 4: paddr=0007f858 vaddr=40089a98 size=03c78h ( 15480) load[0m
[0;32mI (253) esp_image: segment 5: paddr=000834d8 vaddr=50000000 size=00020h (    32) load[0m
[0;32mI (260) boot: Loaded app from partition at offset 0x10000[0m
[0;32mI (260) boot: Disabling RNG early entropy source...[0m
[0;32mI (272) cpu_start: Multicore app[0m
[0;32mI (280) cpu_start: Pro cpu start user code[0m
[0;32mI (280) cpu_start: cpu freq: 160000000 Hz[0m
[0;32mI (281) app_init: Application information:[0m
[0;32mI (281) app_init: Project name:     wamr-simple[0m
[0;32mI (285) app_init: App version:      357d820-dirty[0m
[0;32mI (289) app_init: Compile time:     Dec 14 2025 20:23:21[0m
[0;32mI (294) app_init: ELF file SHA256:  fc1c497d8...[0m
[0;32mI (299) app_init: ESP-IDF:          v5.5.1[0m
[0;32mI (302) efuse_init: Min chip rev:     v0.0[0m
[0;32mI (306) efuse_init: Max chip rev:     v3.99 [0m
[0;32mI (310) efuse_init: Chip rev:         v1.1[0m
[0;32mI (314) heap_init: Initializing. RAM available for dynamic allocation:[0m
[0;32mI (321) heap_init: At 3FFAE6E0 len 00001920 (6 KiB): DRAM[0m
[0;32mI (325) heap_init: At 3FFB5188 len 0002AE78 (171 KiB): DRAM[0m
[0;32mI (331) heap_init: At 3FFE0440 len 00003AE0 (14 KiB): D/IRAM[0m
[0;32mI (336) heap_init: At 3FFE4350 len 0001BCB0 (111 KiB): D/IRAM[0m
[0;32mI (342) heap_init: At 4008D710 len 000128F0 (74 KiB): IRAM[0m
[0;32mI (348) spi_flash: detected chip: generic[0m
[0;32mI (351) spi_flash: flash io: dio[0m
[0;33mW (354) spi_flash: Detected size(4096k) larger than the size in the binary image header(2048k). Using the size in the binary image header.[0m
[0;32mI (366) main_task: Started on CPU0[0m
[0;32mI (376) main_task: Calling app_main()[0m
[0;32mI (386) WASM_LOG: Iniciando Sistema de Irrigacao WASM...[0m
[0;32mI (1986) WASM_VAL: Sensor = 655[0m
[0;32mI (3586) WASM_VAL: Sensor = 639[0m
[0;32mI (5186) WASM_VAL: Sensor = 626[0m
[0;32mI (6786) WASM_VAL: Sensor = 597[0m
[0;32mI (8386) WASM_VAL: Sensor = 501[0m
[0;32mI (9986) WASM_VAL: Sensor = 350[0m
[0;32mI (11586) WASM_VAL: Sensor = 131[0m
[0;32mI (13186) WASM_VAL: Sensor = 0[0m
[0;32mI (14786) WASM_VAL: Sensor = 0[0m
[0;32mI (16386) WASM_VAL: Sensor = 0[0m
[0;32mI (17986) WASM_VAL: Sensor = 0[0m
[0;32mI (19586) WASM_VAL: Sensor = 0[0m
[0;32mI (21186) WASM_VAL: Sensor = 0[0m
[0;32mI (22786) WASM_VAL: Sensor = 3[0m
[0;32mI (24386) WASM_VAL: Sensor = 86[0m
[0;32mI (25986) WASM_VAL: Sensor = 235[0m
[0;32mI (27586) WASM_VAL: Sensor = 385[0m
[0;32mI (29186) WASM_VAL: Sensor = 482[0m
[0;32mI (30786) WASM_VAL: Sensor = 544[0m
[0;32mI (32386) WASM_VAL: Sensor = 566[0m
[0;32mI (33986) WASM_VAL: Sensor = 571[0m
[0;32mI (35586) WASM_VAL: Sensor = 559[0m
[0;32mI (37186) WASM_VAL: Sensor = 527[0m
[0;32mI (38786) WASM_VAL: Sensor = 469[0m
[0;32mI (40386) WASM_VAL: Sensor = 386[0m
[0;32mI (41986) WASM_VAL: Sensor = 301[0m
[0;32mI (43586) WASM_VAL: Sensor = 226[0m
[0;32mI (45186) WASM_VAL: Sensor = 135[0m
[0;32mI (46786) WASM_VAL: Sensor = 79[0m
[0;32mI (48386) WASM_VAL: Sensor = 47[0m
[0;32mI (49986) WASM_VAL: Sensor = 33[0m
[0;32mI (51586) WASM_VAL: Sensor = 32[0m
[0;32mI (53186) WASM_VAL: Sensor = 41[0m
[0;32mI (54786) WASM_VAL: Sensor = 66[0m
[0;32mI (56386) WASM_VAL: Sensor = 105[0m
[0;32mI (57986) WASM_VAL: Sensor = 157[0m
[0;32mI (59586) WASM_VAL: Sensor = 215[0m
[0;32mI (61186) WASM_VAL: Sensor = 279[0m
[0;32mI (62786) WASM_VAL: Sensor = 361[0m
[0;32mI (64386) WASM_VAL: Sensor = 447[0m
[0;32mI (65986) WASM_VAL: Sensor = 563[0m
[0;32mI (67586) WASM_VAL: Sensor = 791[0m
[0;32mI (69186) WASM_VAL: Sensor = 844[0m
[0;32mI (70786) WASM_VAL: Sensor = 873[0m
[0;32mI (72386) WASM_VAL: Sensor = 861[0m
[0;32mI (73986) WASM_VAL: Sensor = 835[0m
[0;32mI (75586) WASM_VAL: Sensor = 778[0m
[0;32mI (77186) WASM_VAL: Sensor = 661[0m
[0;32mI (78786) WASM_VAL: Sensor = 555[0m
[0;32mI (80386) WASM_VAL: Sensor = 475[0m
[0;32mI (81986) WASM_VAL: Sensor = 396[0m
[0;32mI (83586) WASM_VAL: Sensor = 293[0m
[0;32mI (85186) WASM_VAL: Sensor = 160[0m
[0;32mI (86786) WASM_VAL: Sensor = 17[0m
[0;32mI (88386) WASM_VAL: Sensor = 0[0m
[0;32mI (89986) WASM_VAL: Sensor = 0[0m
[0;32mI (91586) WASM_VAL: Sensor = 0[0m
[0;32mI (93186) WASM_VAL: Sensor = 0[0m
[0;32mI (94786) WASM_VAL: Sensor = 0[0m
[0;32mI (96386) WASM_VAL: Sensor = 0[0m
[0;32mI (97986) WASM_VAL: Sensor = 0[0m
[0;32mI (99586) WASM_VAL: Sensor = 40[0m
[0;32mI (101186) WASM_VAL: Sensor = 121[0m
[0;32mI (102786) WASM_VAL: Sensor = 218[0m
[0;32mI (104386) WASM_VAL: Sensor = 279[0m
[0;32mI (105986) WASM_VAL: Sensor = 294[0m
[0;32mI (107586) WASM_VAL: Sensor = 268[0m
[0;32mI (109186) WASM_VAL: Sensor = 201[0m
[0;32mI (110786) WASM_VAL: Sensor = 124[0m
[0;32mI (112386) WASM_VAL: Sensor = 37[0m
[0;32mI (113986) WASM_VAL: Sensor = 5[0m
[0;32mI (115586) WASM_VAL: Sensor = 0[0m
[0;32mI (117186) WASM_VAL: Sensor = 0[0m
[0;32mI (118786) WASM_VAL: Sensor = 0[0m
[0;32mI (120386) WASM_VAL: Sensor = 0[0m
[0;32mI (121986) WASM_VAL: Sensor = 0[0m
[0;32mI (123586) WASM_VAL: Sensor = 0[0m
[0;32mI (125186) WASM_VAL: Sensor = 0[0m
[0;32mI (126786) WASM_VAL: Sensor = 0[0m
[0;32mI (128386) WASM_VAL: Sensor = 0[0m
[0;32mI (129986) WASM_VAL: Sensor = 0[0m
[0;32mI (131586) WASM_VAL: Sensor = 0[0m
[0;32mI (133186) WASM_VAL: Sensor = 0[0m
[0;32mI (134786) WASM_VAL: Sensor = 0[0m
[0;32mI (136386) WASM_VAL: Sensor = 0[0m
[0;32mI (137986) WASM_VAL: Sensor = 0[0m
[0;32mI (139586) WASM_VAL: Sensor = 0[0m
[0;32mI (141186) WASM_VAL: Sensor = 0[0m
[0;32mI (142786) WASM_VAL: Sensor = 0[0m
[0;32mI (144386) WASM_VAL: Sensor = 48[0m
[0;32mI (145986) WASM_VAL: Sensor = 212[0m
[0;32mI (147586) WASM_VAL: Sensor = 497[0m
[0;32mI (149186) WASM_VAL: Sensor = 690[0m
[0;32mI (150786) WASM_VAL: Sensor = 816[0m
[0;32mI (152386) WASM_VAL: Sensor = 658[0m
[0;32mI (153986) WASM_VAL: Sensor = 134[0m
[0;32mI (155586) WASM_VAL: Sensor = 0[0m
[0;32mI (157186) WASM_VAL: Sensor = 0[0m
[0;32mI (158786) WASM_VAL: Sensor = 0[0m
[0;32mI (160386) WASM_VAL: Sensor = 0[0m
[0;32mI (161986) WASM_VAL: Sensor = 0[0m
[0;32mI (163586) WASM_VAL: Sensor = 0[0m
[0;32mI (165186) WASM_VAL: Sensor = 0[0m
[0;32mI (166786) WASM_VAL: Sensor = 0[0m
[0;32mI (168386) WASM_VAL: Sensor = 1[0m
[0;32mI (169986) WASM_VAL: Sensor = 22[0m
[0;32mI (171586) WASM_VAL: Sensor = 39[0m
[0;32mI (173186) WASM_VAL: Sensor = 45[0m
[0;32mI (174786) WASM_VAL: Sensor = 44[0m
[0;32mI (176386) WASM_VAL: Sensor = 22[0m
[0;32mI (177986) WASM_VAL: Sensor = 0[0m
[0;32mI (179586) WASM_VAL: Sensor = 0[0m
[0;32mI (181186) WASM_VAL: Sensor = 0[0m
[0;32mI (182786) WASM_VAL: Sensor = 0[0m
